2026-09-18T00:00:00Z INFO GET /api/users/94136 200 4ms
2026-09-18T00:00:02Z INFO user 55525 logged in from 10.188.7.236
2026-09-18T00:00:03Z INFO GET /api/carts/65246 200 144ms
2026-09-18T00:00:06Z INFO GET /api/orders/89173 200 78ms
2026-09-18T00:00:07Z INFO GET /api/orders/5423 200 55ms
2026-09-18T00:00:08Z INFO GET /api/carts/61871 200 97ms
2026-09-18T00:00:09Z INFO GET /api/orders/75319 200 4ms
2026-09-18T00:00:11Z INFO GET /api/items/10147 200 68ms
2026-09-18T00:00:11Z INFO GET /api/users/85371 200 134ms
2026-09-18T00:00:12Z INFO GET /api/users/5916 200 2ms
2026-09-18T00:00:13Z INFO user 52010 logged in from 10.115.107.48
2026-09-18T00:00:13Z INFO GET /api/users/95201 200 47ms
2026-09-18T00:00:14Z WARN cache miss for key orders:95365
2026-09-18T00:00:15Z DEBUG worker 2 heartbeat ok
2026-09-18T00:00:18Z INFO GET /api/orders/96730 200 90ms
2026-09-18T00:00:19Z INFO GET /api/orders/74772 200 172ms
2026-09-18T00:00:20Z DEBUG worker 8 heartbeat ok
2026-09-18T00:00:21Z INFO GET /api/users/20956 200 48ms
2026-09-18T00:00:21Z INFO GET /api/users/83055 200 41ms
2026-09-18T00:00:22Z INFO GET /api/search/10771 200 68ms
2026-09-18T00:00:22Z INFO user 23923 logged in from 10.85.161.107
2026-09-18T00:00:24Z INFO GET /api/items/58599 200 82ms
2026-09-18T00:00:26Z INFO GET /api/users/96401 200 39ms
2026-09-18T00:00:28Z DEBUG worker 4 heartbeat ok
2026-09-18T00:00:31Z INFO GET /api/items/10631 200 88ms
2026-09-18T00:00:31Z INFO user 68328 logged in from 10.195.127.18
2026-09-18T00:00:31Z INFO user 38216 logged in from 10.94.193.31
2026-09-18T00:00:32Z INFO GET /api/orders/61978 200 17ms
2026-09-18T00:00:33Z INFO GET /api/carts/78351 200 105ms
2026-09-18T00:00:35Z INFO GET /api/search/70717 200 81ms
2026-09-18T00:00:36Z INFO GET /api/orders/14198 200 66ms
2026-09-18T00:00:38Z INFO GET /api/carts/94084 200 66ms
2026-09-18T00:00:41Z WARN cache miss for key orders:539
2026-09-18T00:00:41Z INFO user 49233 logged in from 10.33.95.168
2026-09-18T00:00:43Z WARN cache miss for key users:67249
2026-09-18T00:00:46Z INFO GET /api/users/43729 200 142ms
2026-09-18T00:00:48Z INFO user 12776 logged in from 10.82.58.52
2026-09-18T00:00:50Z INFO GET /api/items/92402 200 175ms
2026-09-18T00:00:52Z INFO GET /api/search/4157 200 83ms
2026-09-18T00:00:53Z INFO GET /api/users/95159 200 67ms
2026-09-18T00:00:54Z INFO GET /api/items/8401 200 2ms
2026-09-18T00:00:57Z INFO GET /api/search/29667 200 117ms
2026-09-18T00:00:57Z INFO user 70348 logged in from 10.103.21.197
2026-09-18T00:00:59Z INFO user 35119 logged in from 10.202.139.154
2026-09-18T00:01:01Z INFO GET /api/users/43433 200 80ms
2026-09-18T00:01:02Z INFO user 35786 logged in from 10.230.204.61
2026-09-18T00:01:04Z INFO GET /api/users/81344 200 162ms
2026-09-18T00:01:07Z INFO user 66124 logged in from 10.113.156.188
2026-09-18T00:01:10Z INFO GET /api/items/60834 200 113ms
2026-09-18T00:01:12Z INFO GET /api/search/3689 200 31ms
2026-09-18T00:01:12Z INFO GET /api/orders/55786 200 163ms
2026-09-18T00:01:13Z INFO db query took 18ms rows=3932
2026-09-18T00:01:16Z INFO GET /api/carts/14611 200 154ms
2026-09-18T00:01:17Z INFO GET /api/orders/89734 200 58ms
2026-09-18T00:01:17Z DEBUG worker 2 heartbeat ok
2026-09-18T00:01:18Z INFO GET /api/carts/40905 200 64ms
2026-09-18T00:01:20Z INFO GET /api/items/3831 200 101ms
2026-09-18T00:01:22Z INFO GET /api/orders/92356 200 79ms
2026-09-18T00:01:23Z INFO user 94382 logged in from 10.111.133.104
2026-09-18T00:01:23Z DEBUG worker 8 heartbeat ok
2026-09-18T00:01:24Z INFO user 56329 logged in from 10.162.24.127
2026-09-18T00:01:25Z WARN slow request /api/orders/22554 took 2079ms
2026-09-18T00:01:27Z INFO GET /api/users/67654 200 89ms
2026-09-18T00:01:29Z DEBUG worker 7 heartbeat ok
2026-09-18T00:01:30Z INFO GET /api/search/42571 200 2ms
2026-09-18T00:01:32Z INFO db query took 780ms rows=1057
2026-09-18T00:01:35Z INFO GET /api/orders/72874 200 29ms
2026-09-18T00:01:35Z INFO GET /api/carts/15513 200 61ms
2026-09-18T00:01:38Z INFO GET /api/users/69800 200 10ms
2026-09-18T00:01:41Z INFO user 79974 logged in from 10.117.168.128
2026-09-18T00:01:43Z INFO user 68945 logged in from 10.179.249.10
2026-09-18T00:01:44Z INFO GET /api/items/43011 200 39ms
2026-09-18T00:01:45Z INFO user 33000 logged in from 10.171.80.105
2026-09-18T00:01:48Z WARN cache miss for key users:34634
2026-09-18T00:01:50Z INFO user 71979 logged in from 10.191.105.51
2026-09-18T00:01:51Z INFO GET /api/orders/91487 200 108ms
2026-09-18T00:01:52Z DEBUG worker 7 heartbeat ok
2026-09-18T00:01:53Z INFO user 1549 logged in from 10.26.244.36
2026-09-18T00:01:54Z INFO GET /api/users/16227 200 90ms
2026-09-18T00:01:55Z INFO user 79443 logged in from 10.158.207.180
2026-09-18T00:01:56Z INFO db query took 837ms rows=377
2026-09-18T00:01:57Z INFO user 85533 logged in from 10.79.105.239
2026-09-18T00:01:58Z INFO GET /api/items/46447 200 35ms
2026-09-18T00:02:01Z INFO user 49844 logged in from 10.163.74.100
2026-09-18T00:02:01Z DEBUG worker 8 heartbeat ok
2026-09-18T00:02:02Z INFO user 90696 logged in from 10.121.58.147
2026-09-18T00:02:04Z INFO user 53414 logged in from 10.186.105.97
2026-09-18T00:02:04Z INFO db query took 239ms rows=3848
2026-09-18T00:02:06Z INFO user 43735 logged in from 10.73.134.36
2026-09-18T00:02:06Z INFO GET /api/users/66234 200 44ms
2026-09-18T00:02:08Z INFO user 58766 logged in from 10.112.121.188
2026-09-18T00:02:09Z WARN cache miss for key carts:79354
2026-09-18T00:02:10Z WARN slow request /api/search/70150 took 4360ms
2026-09-18T00:02:12Z WARN slow request /api/search/9493 took 5358ms
2026-09-18T00:02:13Z WARN cache miss for key search:2858
2026-09-18T00:02:13Z WARN cache miss for key items:78293
2026-09-18T00:02:16Z INFO user 25841 logged in from 10.86.237.94
2026-09-18T00:02:16Z INFO user 23329 logged in from 10.44.111.89
2026-09-18T00:02:18Z INFO user 30447 logged in from 10.71.33.21
2026-09-18T00:02:21Z INFO user 1707 logged in from 10.127.77.157
2026-09-18T00:02:21Z INFO GET /api/orders/13204 200 10ms
2026-09-18T00:02:22Z INFO user 44719 logged in from 10.62.77.240
2026-09-18T00:02:23Z INFO GET /api/orders/84950 200 153ms
2026-09-18T00:02:25Z INFO GET /api/orders/37075 200 48ms
2026-09-18T00:02:27Z INFO GET /api/carts/6172 200 150ms
2026-09-18T00:02:29Z INFO GET /api/carts/8872 200 57ms
2026-09-18T00:02:29Z INFO GET /api/carts/27722 200 13ms
2026-09-18T00:02:30Z WARN cache miss for key search:67007
2026-09-18T00:02:32Z INFO GET /api/orders/22887 200 174ms
2026-09-18T00:02:35Z INFO GET /api/orders/30222 200 4ms
2026-09-18T00:02:37Z INFO GET /api/carts/71079 200 126ms
2026-09-18T00:02:40Z INFO GET /api/orders/88637 200 45ms
2026-09-18T00:02:42Z DEBUG worker 6 heartbeat ok
2026-09-18T00:02:45Z INFO GET /api/items/24137 200 80ms
2026-09-18T00:02:46Z INFO GET /api/carts/13563 200 146ms
2026-09-18T00:02:47Z INFO user 71879 logged in from 10.179.148.128
2026-09-18T00:02:49Z INFO GET /api/users/17598 200 133ms
2026-09-18T00:02:52Z WARN cache miss for key search:63227
2026-09-18T00:02:52Z INFO GET /api/orders/55129 200 11ms
2026-09-18T00:02:54Z INFO GET /api/items/58518 200 100ms
2026-09-18T00:02:56Z DEBUG worker 5 heartbeat ok
2026-09-18T00:02:59Z INFO GET /api/items/3211 404 170ms
2026-09-18T00:03:00Z INFO GET /api/orders/5903 200 59ms
2026-09-18T00:03:00Z INFO db query took 546ms rows=4194
2026-09-18T00:03:02Z INFO GET /api/orders/79613 200 43ms
2026-09-18T00:03:02Z INFO user 22887 logged in from 10.38.96.125
2026-09-18T00:03:03Z INFO GET /api/users/10232 200 167ms
2026-09-18T00:03:05Z INFO GET /api/items/54856 200 179ms
2026-09-18T00:03:05Z WARN cache miss for key carts:4932
2026-09-18T00:03:07Z INFO user 47357 logged in from 10.169.33.104
2026-09-18T00:03:09Z INFO GET /api/items/23245 200 48ms
2026-09-18T00:03:11Z INFO db query took 65ms rows=1746
2026-09-18T00:03:14Z DEBUG worker 3 heartbeat ok
2026-09-18T00:03:16Z INFO GET /api/carts/33094 200 20ms
2026-09-18T00:03:17Z INFO GET /api/carts/39081 200 155ms
2026-09-18T00:03:18Z DEBUG worker 6 heartbeat ok
2026-09-18T00:03:20Z INFO GET /api/carts/46478 200 84ms
2026-09-18T00:03:22Z INFO GET /api/search/48349 200 68ms
2026-09-18T00:03:24Z INFO user 7542 logged in from 10.57.178.26
2026-09-18T00:03:27Z INFO GET /api/search/14533 200 148ms
2026-09-18T00:03:29Z INFO user 70089 logged in from 10.121.211.241
2026-09-18T00:03:29Z INFO GET /api/items/30834 200 164ms
2026-09-18T00:03:30Z INFO GET /api/carts/13827 200 52ms
2026-09-18T00:03:33Z INFO db query took 292ms rows=2609
2026-09-18T00:03:33Z INFO GET /api/carts/78637 200 45ms
2026-09-18T00:03:35Z INFO GET /api/search/80382 200 46ms
2026-09-18T00:03:36Z WARN slow request /api/search/22603 took 3445ms
2026-09-18T00:03:39Z WARN cache miss for key carts:38472
2026-09-18T00:03:40Z INFO GET /api/items/66373 200 38ms
2026-09-18T00:03:42Z INFO user 31683 logged in from 10.85.127.78
2026-09-18T00:03:45Z INFO db query took 449ms rows=1923
2026-09-18T00:03:45Z DEBUG worker 1 heartbeat ok
2026-09-18T00:03:48Z WARN cache miss for key search:39253
2026-09-18T00:03:48Z INFO GET /api/orders/62452 200 91ms
2026-09-18T00:03:51Z INFO GET /api/search/90026 200 135ms
2026-09-18T00:03:52Z INFO GET /api/orders/52690 200 51ms
2026-09-18T00:03:53Z INFO user 97508 logged in from 10.227.53.108
2026-09-18T00:03:54Z INFO GET /api/orders/35159 200 88ms
2026-09-18T00:03:55Z INFO GET /api/users/26323 200 142ms
2026-09-18T00:03:57Z DEBUG worker 8 heartbeat ok
2026-09-18T00:03:59Z DEBUG worker 8 heartbeat ok
2026-09-18T00:04:01Z DEBUG worker 2 heartbeat ok
2026-09-18T00:04:01Z INFO GET /api/items/52630 200 124ms
2026-09-18T00:04:03Z INFO user 21386 logged in from 10.132.89.95
2026-09-18T00:04:06Z WARN cache miss for key items:85349
2026-09-18T00:04:06Z INFO GET /api/orders/2735 200 97ms
2026-09-18T00:04:06Z WARN cache miss for key orders:89854
2026-09-18T00:04:07Z INFO GET /api/users/85307 200 57ms
2026-09-18T00:04:07Z INFO GET /api/carts/82306 200 12ms
2026-09-18T00:04:08Z INFO GET /api/items/51307 200 69ms
2026-09-18T00:04:08Z INFO GET /api/orders/8483 200 66ms
2026-09-18T00:04:10Z WARN cache miss for key users:55796
2026-09-18T00:04:13Z WARN slow request /api/items/66844 took 3935ms
2026-09-18T00:04:14Z INFO GET /api/carts/90222 200 54ms
2026-09-18T00:04:17Z INFO user 43185 logged in from 10.101.1.149
2026-09-18T00:04:18Z INFO GET /api/orders/96406 200 90ms
2026-09-18T00:04:21Z INFO GET /api/search/23913 200 88ms
2026-09-18T00:04:22Z INFO user 83154 logged in from 10.179.85.131
2026-09-18T00:04:24Z INFO GET /api/items/22654 200 133ms
2026-09-18T00:04:26Z INFO user 88877 logged in from 10.145.243.123
2026-09-18T00:04:28Z INFO GET /api/carts/13556 200 22ms
2026-09-18T00:04:30Z INFO GET /api/users/88740 200 124ms
2026-09-18T00:04:32Z INFO GET /api/orders/40760 200 66ms
2026-09-18T00:04:32Z INFO user 92172 logged in from 10.3.146.172
2026-09-18T00:04:33Z INFO GET /api/search/99565 200 58ms
2026-09-18T00:04:36Z INFO GET /api/orders/27645 200 2ms
2026-09-18T00:04:36Z INFO GET /api/items/74201 200 173ms
2026-09-18T00:04:38Z INFO db query took 307ms rows=4691
2026-09-18T00:04:39Z DEBUG worker 7 heartbeat ok
2026-09-18T00:04:40Z WARN cache miss for key users:7668
2026-09-18T00:04:41Z INFO GET /api/orders/39569 200 62ms
2026-09-18T00:04:41Z INFO GET /api/users/23079 200 165ms
2026-09-18T00:04:44Z INFO GET /api/carts/73685 200 39ms
2026-09-18T00:04:47Z INFO GET /api/orders/69049 200 46ms
2026-09-18T00:04:50Z WARN slow request /api/items/16344 took 6364ms
2026-09-18T00:04:50Z INFO GET /api/carts/37005 200 65ms
2026-09-18T00:04:52Z INFO GET /api/users/685 200 40ms
2026-09-18T00:04:54Z WARN slow request /api/search/72770 took 4851ms
2026-09-18T00:04:56Z INFO GET /api/items/41283 200 48ms
2026-09-18T00:04:58Z INFO GET /api/users/95961 200 102ms
2026-09-18T00:05:01Z ERROR upstream timeout after 5000ms for request 57e9fef6 (status 502)
2026-09-18T00:05:03Z WARN slow request /api/users/68782 took 7485ms
2026-09-18T00:05:05Z ERROR upstream timeout after 5000ms for request 3c188296 (status 502)
2026-09-18T00:05:06Z ERROR upstream timeout after 5000ms for request f67a3e9c (status 502)
2026-09-18T00:05:06Z ERROR upstream timeout after 5000ms for request 3696a0a1 (status 502)
2026-09-18T00:05:07Z ERROR upstream timeout after 5000ms for request 6fc1d394 (status 502)
2026-09-18T00:05:08Z WARN cache miss for key users:14242
2026-09-18T00:05:10Z ERROR upstream timeout after 5000ms for request 0ce1348c (status 502)
2026-09-18T00:05:12Z ERROR upstream timeout after 5000ms for request 1411ef3d (status 502)
2026-09-18T00:05:14Z ERROR upstream timeout after 5000ms for request 9c43e994 (status 502)
2026-09-18T00:05:16Z ERROR upstream timeout after 5000ms for request aedcd791 (status 502)
2026-09-18T00:05:18Z ERROR upstream timeout after 5000ms for request 802a31ec (status 502)
2026-09-18T00:05:20Z INFO user 4219 logged in from 10.19.155.46
2026-09-18T00:05:22Z DEBUG worker 6 heartbeat ok
2026-09-18T00:05:23Z WARN cache miss for key users:21010
2026-09-18T00:05:24Z WARN cache miss for key carts:79483
2026-09-18T00:05:24Z ERROR db pool exhausted, dropping request 93d3515f (status 503)
2026-09-18T00:05:25Z ERROR db pool exhausted, dropping request 9e796a71 (status 503)
2026-09-18T00:05:26Z ERROR upstream timeout after 5000ms for request ba79bcf1 (status 502)
2026-09-18T00:05:27Z ERROR db pool exhausted, dropping request 5e0d90c2 (status 503)
2026-09-18T00:05:28Z INFO user 29831 logged in from 10.216.73.144
2026-09-18T00:05:31Z WARN slow request /api/carts/29436 took 7968ms
2026-09-18T00:05:31Z ERROR upstream timeout after 5000ms for request 5ad7ddfd (status 502)
2026-09-18T00:05:32Z ERROR upstream timeout after 5000ms for request 143a1715 (status 502)
2026-09-18T00:05:33Z ERROR upstream timeout after 5000ms for request 0c1ec61e (status 502)
2026-09-18T00:05:35Z INFO db query took 706ms rows=562
2026-09-18T00:05:38Z ERROR upstream timeout after 5000ms for request 94f2a91e (status 502)
2026-09-18T00:05:38Z WARN slow request /api/orders/486 took 2625ms
2026-09-18T00:05:40Z ERROR upstream timeout after 5000ms for request b30b30b8 (status 502)
2026-09-18T00:05:42Z ERROR db pool exhausted, dropping request b827932c (status 503)
2026-09-18T00:05:44Z ERROR upstream timeout after 5000ms for request 1778003f (status 502)
2026-09-18T00:05:46Z ERROR upstream timeout after 5000ms for request 2ba91d89 (status 502)
2026-09-18T00:05:47Z ERROR upstream timeout after 5000ms for request 9c227b66 (status 502)
2026-09-18T00:05:48Z WARN slow request /api/carts/17289 took 2274ms
2026-09-18T00:05:48Z ERROR upstream timeout after 5000ms for request 512825e9 (status 502)
2026-09-18T00:05:49Z ERROR upstream timeout after 5000ms for request 800d9611 (status 502)
2026-09-18T00:05:50Z ERROR upstream timeout after 5000ms for request 2d118c30 (status 502)
2026-09-18T00:05:52Z ERROR upstream timeout after 5000ms for request b368a6be (status 502)
2026-09-18T00:05:53Z ERROR upstream timeout after 5000ms for request 0551745d (status 502)
2026-09-18T00:05:54Z ERROR upstream timeout after 5000ms for request b4241796 (status 502)
2026-09-18T00:05:56Z INFO db query took 391ms rows=4273
2026-09-18T00:05:56Z WARN cache miss for key orders:85167
2026-09-18T00:05:59Z INFO GET /api/carts/66464 200 50ms
2026-09-18T00:06:00Z INFO GET /api/carts/61382 200 22ms
2026-09-18T00:06:02Z INFO GET /api/carts/86956 200 47ms
2026-09-18T00:06:05Z INFO user 47909 logged in from 10.200.61.251
2026-09-18T00:06:05Z DEBUG worker 4 heartbeat ok
2026-09-18T00:06:05Z INFO GET /api/users/85982 200 149ms
2026-09-18T00:06:07Z INFO GET /api/search/58905 200 57ms
2026-09-18T00:06:08Z WARN cache miss for key orders:15954
2026-09-18T00:06:11Z WARN cache miss for key users:27130
2026-09-18T00:06:14Z INFO GET /api/search/12930 200 108ms
2026-09-18T00:06:15Z INFO user 49020 logged in from 10.189.30.210
2026-09-18T00:06:16Z WARN cache miss for key search:33783
2026-09-18T00:06:18Z WARN cache miss for key orders:37340
2026-09-18T00:06:21Z INFO GET /api/search/83755 200 180ms
2026-09-18T00:06:21Z WARN cache miss for key items:97177
2026-09-18T00:06:22Z INFO GET /api/items/42348 200 36ms
2026-09-18T00:06:24Z INFO GET /api/items/85951 200 12ms
2026-09-18T00:06:27Z INFO GET /api/users/13250 200 137ms
2026-09-18T00:06:29Z WARN slow request /api/carts/41598 took 5284ms
2026-09-18T00:06:32Z INFO GET /api/users/74178 200 86ms
2026-09-18T00:06:34Z INFO user 58745 logged in from 10.169.55.173
2026-09-18T00:06:36Z INFO db query took 52ms rows=3382
2026-09-18T00:06:38Z INFO GET /api/items/33860 200 15ms
2026-09-18T00:06:38Z WARN cache miss for key carts:61822
2026-09-18T00:06:39Z INFO GET /api/users/89442 200 91ms
2026-09-18T00:06:40Z INFO GET /api/orders/74268 200 160ms
2026-09-18T00:06:42Z INFO user 60349 logged in from 10.109.17.66
2026-09-18T00:06:43Z INFO GET /api/search/59889 200 139ms
2026-09-18T00:06:45Z INFO GET /api/orders/66344 200 146ms
2026-09-18T00:06:46Z INFO GET /api/carts/99552 200 21ms
2026-09-18T00:06:48Z WARN cache miss for key search:40186
2026-09-18T00:06:50Z INFO user 7138 logged in from 10.104.97.27
2026-09-18T00:06:50Z INFO GET /api/search/25712 200 121ms
2026-09-18T00:06:52Z WARN cache miss for key carts:73493
2026-09-18T00:06:53Z DEBUG worker 3 heartbeat ok
2026-09-18T00:06:55Z INFO GET /api/orders/7299 200 94ms
2026-09-18T00:06:58Z INFO GET /api/search/62063 200 49ms
2026-09-18T00:06:59Z INFO user 27339 logged in from 10.15.3.9
2026-09-18T00:07:01Z INFO GET /api/items/62397 200 3ms
2026-09-18T00:07:03Z INFO GET /api/carts/72367 200 10ms
2026-09-18T00:07:03Z INFO GET /api/users/22690 200 115ms
2026-09-18T00:07:03Z INFO GET /api/carts/46563 200 24ms
2026-09-18T00:07:05Z WARN cache miss for key orders:1537
2026-09-18T00:07:05Z INFO GET /api/items/73131 200 41ms
2026-09-18T00:07:06Z INFO user 23047 logged in from 10.129.18.206
2026-09-18T00:07:08Z INFO GET /api/search/57532 200 162ms
2026-09-18T00:07:10Z INFO GET /api/items/56192 200 20ms
2026-09-18T00:07:13Z INFO user 51885 logged in from 10.169.51.151
2026-09-18T00:07:14Z INFO GET /api/users/13924 200 177ms
2026-09-18T00:07:15Z INFO GET /api/search/84616 200 39ms
2026-09-18T00:07:15Z INFO GET /api/carts/91468 200 107ms
2026-09-18T00:07:17Z INFO GET /api/search/15766 200 149ms
2026-09-18T00:07:19Z INFO GET /api/search/3911 200 110ms
2026-09-18T00:07:20Z WARN slow request /api/orders/55948 took 1047ms
2026-09-18T00:07:22Z INFO GET /api/orders/31131 200 127ms
2026-09-18T00:07:24Z WARN cache miss for key orders:94790
2026-09-18T00:07:26Z INFO GET /api/search/67171 200 4ms
2026-09-18T00:07:27Z INFO user 97747 logged in from 10.104.93.203
2026-09-18T00:07:29Z INFO GET /api/search/88916 200 171ms
2026-09-18T00:07:29Z INFO GET /api/orders/11739 200 63ms
2026-09-18T00:07:30Z WARN cache miss for key users:6142
2026-09-18T00:07:32Z INFO GET /api/search/97483 200 64ms
2026-09-18T00:07:33Z INFO user 17480 logged in from 10.24.38.249
2026-09-18T00:07:33Z INFO user 96660 logged in from 10.81.40.44
2026-09-18T00:07:34Z INFO GET /api/carts/67617 200 5ms
2026-09-18T00:07:36Z INFO GET /api/search/64173 200 90ms
2026-09-18T00:07:36Z INFO GET /api/search/32450 200 148ms
2026-09-18T00:07:37Z INFO user 74935 logged in from 10.234.226.70
2026-09-18T00:07:37Z INFO GET /api/search/16687 200 139ms
2026-09-18T00:07:38Z INFO GET /api/search/26520 200 66ms
2026-09-18T00:07:39Z INFO GET /api/carts/12683 200 74ms
2026-09-18T00:07:42Z INFO GET /api/users/85413 200 15ms
2026-09-18T00:07:43Z INFO GET /api/orders/7293 404 148ms
2026-09-18T00:07:45Z INFO user 44014 logged in from 10.45.139.2
2026-09-18T00:07:47Z INFO GET /api/search/70654 200 75ms
2026-09-18T00:07:49Z WARN cache miss for key search:63868
2026-09-18T00:07:50Z INFO db query took 239ms rows=378
2026-09-18T00:07:53Z DEBUG worker 8 heartbeat ok
2026-09-18T00:07:56Z INFO GET /api/items/14313 200 118ms
2026-09-18T00:07:56Z WARN cache miss for key orders:60857
2026-09-18T00:07:57Z INFO GET /api/users/60238 200 38ms
2026-09-18T00:07:58Z INFO GET /api/users/11007 200 114ms
2026-09-18T00:08:01Z INFO GET /api/carts/29600 200 26ms
2026-09-18T00:08:01Z DEBUG worker 1 heartbeat ok
2026-09-18T00:08:03Z INFO user 20265 logged in from 10.7.105.160
2026-09-18T00:08:03Z INFO user 29055 logged in from 10.86.94.13
2026-09-18T00:08:04Z INFO GET /api/search/60947 200 62ms
2026-09-18T00:08:05Z DEBUG worker 7 heartbeat ok
2026-09-18T00:08:07Z WARN cache miss for key carts:97340
2026-09-18T00:08:07Z INFO GET /api/orders/68096 200 26ms
2026-09-18T00:08:08Z INFO user 81316 logged in from 10.1.55.89
2026-09-18T00:08:09Z INFO GET /api/search/66007 200 41ms
2026-09-18T00:08:10Z WARN cache miss for key orders:42083
2026-09-18T00:08:11Z INFO GET /api/users/14785 200 172ms
2026-09-18T00:08:13Z INFO GET /api/items/40697 200 67ms
2026-09-18T00:08:16Z INFO user 98482 logged in from 10.248.164.249
2026-09-18T00:08:18Z INFO GET /api/orders/74170 200 41ms
2026-09-18T00:08:21Z WARN cache miss for key items:23880
2026-09-18T00:08:22Z WARN cache miss for key carts:5918
2026-09-18T00:08:23Z INFO GET /api/carts/82993 200 74ms
2026-09-18T00:08:23Z INFO GET /api/items/17839 200 124ms
2026-09-18T00:08:25Z INFO user 15946 logged in from 10.41.126.135
2026-09-18T00:08:28Z INFO db query took 472ms rows=1395
2026-09-18T00:08:30Z INFO db query took 344ms rows=2792
2026-09-18T00:08:31Z INFO GET /api/carts/14040 200 63ms
2026-09-18T00:08:33Z INFO GET /api/items/90850 200 111ms
2026-09-18T00:08:35Z DEBUG worker 1 heartbeat ok
2026-09-18T00:08:37Z INFO GET /api/search/47042 200 18ms
2026-09-18T00:08:39Z INFO GET /api/carts/21859 200 81ms
2026-09-18T00:08:41Z INFO GET /api/carts/77875 200 114ms
2026-09-18T00:08:41Z INFO user 62481 logged in from 10.122.40.16
2026-09-18T00:08:42Z WARN cache miss for key orders:50891
2026-09-18T00:08:44Z INFO GET /api/items/47197 200 28ms
2026-09-18T00:08:46Z DEBUG worker 4 heartbeat ok
2026-09-18T00:08:47Z INFO GET /api/search/92778 200 147ms
2026-09-18T00:08:48Z WARN cache miss for key orders:11544
2026-09-18T00:08:49Z DEBUG worker 4 heartbeat ok
2026-09-18T00:08:50Z INFO user 44698 logged in from 10.159.212.168
2026-09-18T00:08:52Z INFO GET /api/orders/49016 200 144ms
2026-09-18T00:08:55Z DEBUG worker 1 heartbeat ok
2026-09-18T00:08:57Z DEBUG worker 3 heartbeat ok
2026-09-18T00:08:57Z INFO db query took 90ms rows=4481
2026-09-18T00:08:57Z INFO GET /api/carts/95311 200 126ms
2026-09-18T00:08:57Z INFO user 69487 logged in from 10.16.160.10
2026-09-18T00:08:58Z INFO GET /api/orders/37139 200 63ms
2026-09-18T00:08:59Z INFO GET /api/items/37077 200 4ms
2026-09-18T00:09:00Z INFO GET /api/users/4577 200 123ms
2026-09-18T00:09:00Z WARN cache miss for key items:16744
2026-09-18T00:09:00Z INFO user 20670 logged in from 10.145.128.93
2026-09-18T00:09:02Z DEBUG worker 1 heartbeat ok
2026-09-18T00:09:03Z INFO GET /api/carts/68023 200 24ms
2026-09-18T00:09:05Z INFO GET /api/search/37850 200 171ms
2026-09-18T00:09:06Z INFO GET /api/users/9569 200 130ms
2026-09-18T00:09:07Z DEBUG worker 4 heartbeat ok
2026-09-18T00:09:09Z INFO user 300 logged in from 10.149.4.71
2026-09-18T00:09:10Z INFO GET /api/users/89499 200 62ms
2026-09-18T00:09:12Z INFO GET /api/search/53029 200 95ms
2026-09-18T00:09:14Z INFO user 79135 logged in from 10.22.48.184
2026-09-18T00:09:17Z WARN cache miss for key search:42209
2026-09-18T00:09:18Z INFO GET /api/users/67613 200 142ms
2026-09-18T00:09:21Z INFO GET /api/search/31002 200 51ms
2026-09-18T00:09:23Z INFO GET /api/search/33682 200 29ms
2026-09-18T00:09:24Z INFO GET /api/search/67012 200 34ms
2026-09-18T00:09:24Z INFO GET /api/items/61991 200 116ms
2026-09-18T00:09:26Z INFO GET /api/items/49159 200 53ms
2026-09-18T00:09:29Z INFO GET /api/search/28276 200 167ms
2026-09-18T00:09:31Z INFO GET /api/carts/34024 200 78ms
2026-09-18T00:09:33Z INFO user 96824 logged in from 10.120.72.193
2026-09-18T00:09:35Z INFO user 62137 logged in from 10.163.243.96
2026-09-18T00:09:37Z INFO GET /api/items/9533 200 59ms
2026-09-18T00:09:38Z INFO GET /api/orders/55350 200 28ms
2026-09-18T00:09:40Z INFO user 31296 logged in from 10.58.209.176
2026-09-18T00:09:43Z INFO db query took 196ms rows=2133
2026-09-18T00:09:45Z INFO GET /api/orders/27362 200 41ms
2026-09-18T00:09:47Z INFO GET /api/carts/24533 200 43ms
2026-09-18T00:09:49Z INFO user 48873 logged in from 10.64.151.234
2026-09-18T00:09:51Z DEBUG worker 5 heartbeat ok
2026-09-18T00:09:52Z INFO user 41569 logged in from 10.51.156.170
2026-09-18T00:09:55Z INFO user 10659 logged in from 10.101.125.155
2026-09-18T00:09:56Z WARN cache miss for key items:24119
2026-09-18T00:09:57Z INFO user 29709 logged in from 10.210.225.91
2026-09-18T00:09:59Z INFO GET /api/items/72747 200 25ms
2026-09-18T00:09:59Z INFO GET /api/items/43395 200 94ms
2026-09-18T00:10:00Z INFO GET /api/users/42813 200 70ms
2026-09-18T00:10:02Z INFO user 50078 logged in from 10.175.78.31
2026-09-18T00:10:04Z WARN cache miss for key items:34112
2026-09-18T00:10:05Z INFO user 76412 logged in from 10.171.148.69
2026-09-18T00:10:07Z WARN cache miss for key search:73042
2026-09-18T00:10:10Z INFO GET /api/search/48377 200 33ms
2026-09-18T00:10:10Z INFO GET /api/orders/36739 200 106ms
2026-09-18T00:10:13Z INFO GET /api/search/81705 200 9ms
2026-09-18T00:10:14Z INFO GET /api/items/86347 200 49ms
2026-09-18T00:10:15Z WARN cache miss for key orders:37899
2026-09-18T00:10:16Z INFO GET /api/search/51980 200 148ms
2026-09-18T00:10:18Z INFO user 43460 logged in from 10.19.117.47
2026-09-18T00:10:19Z INFO GET /api/search/90505 200 156ms
2026-09-18T00:10:20Z INFO db query took 824ms rows=4973
2026-09-18T00:10:20Z INFO GET /api/search/78692 200 168ms
2026-09-18T00:10:21Z INFO GET /api/users/26013 200 122ms
2026-09-18T00:10:23Z INFO user 93758 logged in from 10.75.69.253
2026-09-18T00:10:25Z INFO user 42077 logged in from 10.28.45.205
2026-09-18T00:10:27Z INFO GET /api/carts/24817 200 176ms
2026-09-18T00:10:29Z WARN cache miss for key search:37109
2026-09-18T00:10:29Z INFO GET /api/items/86922 200 69ms
2026-09-18T00:10:30Z INFO GET /api/users/52486 200 80ms
2026-09-18T00:10:33Z INFO db query took 557ms rows=552
2026-09-18T00:10:35Z INFO GET /api/orders/65194 200 29ms
2026-09-18T00:10:38Z INFO GET /api/items/18455 200 94ms
2026-09-18T00:10:38Z INFO GET /api/search/8349 200 108ms
2026-09-18T00:10:38Z INFO GET /api/users/63555 200 35ms
2026-09-18T00:10:40Z INFO user 59258 logged in from 10.5.150.56
2026-09-18T00:10:40Z INFO GET /api/carts/47568 404 82ms
2026-09-18T00:10:43Z INFO user 35097 logged in from 10.241.155.241
2026-09-18T00:10:45Z INFO GET /api/orders/68569 200 172ms
2026-09-18T00:10:46Z INFO GET /api/users/80585 200 103ms
2026-09-18T00:10:48Z INFO GET /api/orders/61828 200 105ms
2026-09-18T00:10:49Z INFO GET /api/search/36107 200 38ms
2026-09-18T00:10:49Z INFO GET /api/users/77336 200 116ms
2026-09-18T00:10:49Z INFO GET /api/search/7448 200 76ms
2026-09-18T00:10:51Z INFO GET /api/orders/42149 200 6ms
2026-09-18T00:10:52Z WARN cache miss for key search:92305
2026-09-18T00:10:54Z INFO GET /api/carts/49607 200 129ms
2026-09-18T00:10:56Z INFO user 12847 logged in from 10.55.225.4
2026-09-18T00:10:57Z INFO GET /api/orders/44385 200 108ms
2026-09-18T00:10:58Z DEBUG worker 5 heartbeat ok
2026-09-18T00:11:01Z INFO GET /api/search/83843 200 62ms
2026-09-18T00:11:03Z INFO GET /api/carts/83079 200 125ms
2026-09-18T00:11:05Z INFO user 71251 logged in from 10.145.152.61
2026-09-18T00:11:07Z INFO GET /api/users/47391 200 15ms
2026-09-18T00:11:07Z DEBUG worker 3 heartbeat ok
2026-09-18T00:11:09Z INFO GET /api/users/60396 200 3ms
2026-09-18T00:11:11Z INFO GET /api/carts/14765 200 138ms
2026-09-18T00:11:14Z WARN cache miss for key orders:84543
2026-09-18T00:11:14Z INFO GET /api/users/62511 200 132ms
2026-09-18T00:11:14Z INFO user 10072 logged in from 10.90.215.196
2026-09-18T00:11:16Z INFO GET /api/items/72 200 77ms
2026-09-18T00:11:17Z INFO GET /api/carts/47215 200 108ms
2026-09-18T00:11:20Z WARN cache miss for key carts:22268
2026-09-18T00:11:21Z WARN cache miss for key search:43470
2026-09-18T00:11:23Z INFO user 87661 logged in from 10.135.176.51
2026-09-18T00:11:25Z INFO GET /api/carts/69882 200 65ms
2026-09-18T00:11:26Z INFO GET /api/search/58402 200 60ms
2026-09-18T00:11:27Z INFO GET /api/search/40269 200 28ms
2026-09-18T00:11:30Z INFO GET /api/carts/29440 200 63ms
2026-09-18T00:11:30Z INFO GET /api/users/94345 200 155ms
2026-09-18T00:11:31Z INFO GET /api/users/47496 200 105ms
2026-09-18T00:11:32Z INFO GET /api/users/14707 200 82ms
2026-09-18T00:11:32Z INFO GET /api/items/25855 200 69ms
2026-09-18T00:11:33Z INFO GET /api/orders/3034 200 7ms
2026-09-18T00:11:33Z DEBUG worker 3 heartbeat ok
2026-09-18T00:11:34Z INFO GET /api/users/68050 200 58ms
2026-09-18T00:11:35Z INFO GET /api/orders/67463 200 61ms
2026-09-18T00:11:37Z INFO GET /api/search/14600 200 33ms
2026-09-18T00:11:38Z INFO user 6255 logged in from 10.117.64.101
2026-09-18T00:11:39Z DEBUG worker 4 heartbeat ok
2026-09-18T00:11:39Z INFO GET /api/orders/89705 200 136ms
2026-09-18T00:11:41Z INFO GET /api/search/95185 200 16ms
2026-09-18T00:11:43Z INFO user 6082 logged in from 10.195.197.127
2026-09-18T00:11:44Z INFO user 39260 logged in from 10.206.2.193
2026-09-18T00:11:47Z INFO GET /api/items/90733 200 73ms
2026-09-18T00:11:47Z DEBUG worker 6 heartbeat ok
2026-09-18T00:11:50Z INFO user 22994 logged in from 10.32.1.12
2026-09-18T00:11:51Z INFO GET /api/items/42418 200 109ms
2026-09-18T00:11:54Z INFO user 97613 logged in from 10.12.14.105
2026-09-18T00:11:56Z INFO GET /api/users/19486 200 94ms
2026-09-18T00:11:59Z DEBUG worker 8 heartbeat ok
2026-09-18T00:12:01Z INFO user 18412 logged in from 10.112.99.10
2026-09-18T00:12:04Z INFO GET /api/search/87980 200 6ms
2026-09-18T00:12:05Z INFO user 18624 logged in from 10.37.83.247
2026-09-18T00:12:06Z INFO GET /api/users/28434 200 131ms
2026-09-18T00:12:07Z INFO user 3043 logged in from 10.203.58.238
2026-09-18T00:12:10Z WARN cache miss for key users:8429
2026-09-18T00:12:12Z DEBUG worker 7 heartbeat ok
2026-09-18T00:12:14Z INFO GET /api/items/92930 200 169ms
2026-09-18T00:12:16Z DEBUG worker 8 heartbeat ok
2026-09-18T00:12:19Z WARN cache miss for key search:49749
2026-09-18T00:12:21Z INFO GET /api/items/72030 200 64ms
2026-09-18T00:12:22Z WARN cache miss for key carts:29719
